
> portfolio@0.1.0 build
> next build

  Γû▓ Next.js 14.2.3

   Creating an optimized production build ...
node.exe : Browserslist: 
caniuse-lite is outdated. 
Please run:
At line:1 char:1
+ & "C:\Program 
Files\nodejs/node.exe" 
"C:\Program 
Files\nodejs/node_mo ...
+ ~~~~~~~~~~~~~~~~~~~~~~~~~~~
~~~~~~~~~~~~~~~~~~~~~~~~~~~~~
~~~~~~~~~~~~~
    + CategoryInfo           
   : NotSpecified: (Browser  
  slist: c...ed. Please ru   
 n::String) [], RemoteExc    
eption
    + FullyQualifiedErrorId  
   : NativeCommandError
 
  npx 
update-browserslist-db@latest
  Why you should do it 
regularly: https://github.com
/browserslist/update-db#readm
e
 Γ£ô Compiled successfully
   Skipping linting
   Checking validity of types ...
   Collecting page data ...
   Generating static pages (0/11) ...
   Generating static pages (2/11) 
   Generating static pages (5/11) 
   Generating static pages (8/11) 
 Γ£ô Generating static pages (11/11)
   Finalizing page optimization ...
   Collecting build traces ...

Route (app)                              Size     First Load JS
Γöî Γùï /                                    35.3 kB         247 kB
Γö£ Γùï /_not-found                          141 B          87.5 kB
Γö£ Γùï /about                               6.67 kB         122 kB
Γö£ ╞Æ /api/send                            0 B                0 B
Γö£ Γùï /blogs                               902 B           139 kB
Γö£ ΓùÅ /blogs/[slug]                        1.07 kB         142 kB
Γö£   Γöö /blogs/achieving-milestone
Γö£ Γùï /contact                             141 B          87.5 kB
Γöö Γùï /projects                            1.49 kB         108 kB
+ First Load JS shared by all            87.3 kB
  Γö£ chunks/23-46ed968deec33976.js        31.5 kB
  Γö£ chunks/fd9d1056-a04a3401fa0deb6c.js  53.6 kB
  Γöö other shared chunks (total)          2.25 kB


Γùï  (Static)   prerendered as static content
ΓùÅ  (SSG)      prerendered as static HTML (uses getStaticProps)
╞Æ  (Dynamic)  server-rendered on demand

