src/components/animated-background.tsx(91,39): error TS2345: Argument of type 'string | undefined' is not assignable to parameter of type 'string | number | boolean'.
src/components/animated-background.tsx(332,35): error TS2345: Argument of type 'string | undefined' is not assignable to parameter of type 'string | number | boolean'.
  Type 'undefined' is not assignable to type 'string | number | boolean'.
src/components/sections/projects.tsx(44,15): error TS2322: Type 'string | undefined' is not assignable to type 'string | StaticImport'.
  Type 'undefined' is not assignable to type 'string | StaticImport'.
src/components/sections/projects.tsx(69,19): error TS2322: Type 'string | undefined' is not assignable to type 'Url'.
  Type 'undefined' is not assignable to type 'Url'.
